compiler-test/data/golden/iso7185prt0037.pas:9:5:
  |
9 | var : integer;
  |     ^
unexpected ':'
expecting identifier
