compiler-test/data/golden/iso7185prt0024.pas:11:1:
   |
11 | label 1;
   | ^^^^^
unexpected "label"
expecting "begin", "function", "procedure", "type", or "var"
