compiler-test/data/golden/iso7185prt0029.pas:10:11:
   |
10 |       five;
   |           ^
unexpected ';'
expecting '='
