compiler-test/data/golden/iso7185prt0020.pas:9:11:
  |
9 | const one 1;
  |           ^
unexpected '1'
expecting '='
