compiler-test/data/golden/iso7185prt0033.pas:9:11:
  |
9 | var  store;
  |           ^
unexpected ';'
expecting ',' or ':'
