compiler-test/data/golden/iso7185prt0025.pas:9:6:
  |
9 | type ;
  |      ^
unexpected ';'
expecting identifier
