compiler-test/data/golden/iso7185prt0021.pas:10:10:
   |
10 |       two;
   |          ^
unexpected ';'
expecting '='
