compiler-test/data/golden/iso7185prt0022.pas:9:7:
  |
9 | const = 1;
  |       ^
unexpected '='
expecting identifier
