compiler-test/data/golden/iso7185prt0008.pas:7:24:
  |
7 | program iso7185prt0008();
  |                        ^
unexpected ')'
expecting identifier
