compiler-test/data/golden/iso7185prt0013.pas:9:6:
  |
9 | label;
  |      ^
unexpected ';'
expecting integer
