compiler-test/data/golden/iso7185prt0017.pas:9:7:
  |
9 | label ,1;
  |       ^
unexpected ','
expecting integer
