compiler-test/data/golden/iso7185prt0018.pas:9:6:
  |
9 | const;
  |      ^
unexpected ';'
expecting identifier
