compiler-test/data/golden/iso7185prt0023.pas:10:7:
   |
10 |       two = 2;
   |       ^
unexpected 't'
expecting ';'
