compiler-test/data/golden/iso7185prt0030.pas:10:7:
   |
10 |       five = integer;
   |       ^
unexpected 'f'
expecting ';'
